2025-04-02 11:31:38,125 - INFO - [root] - Logging initialized via basicConfig to run_basic.log
2025-04-02 11:31:39,488 - INFO - [kaolin.render.mesh.nvdiffrast_context] - Cannot import nvdiffrast
2025-04-02 11:31:41,284 - INFO - [texture_app] - Current working directory: /home/mmai6k_01/TEXTurePaper
2025-04-02 11:31:41,285 - INFO - [texture_app] - Starting training/evaluation.
2025-04-02 11:31:41,285 - INFO - [texture_app] - Running config file (from argv): --config_path=configs/text_guided/alien_1.yaml
2025-04-02 11:31:41,285 - INFO - [texture_app] - GPU memory allocated before: 0.00 GB
2025-04-02 11:31:41,285 - INFO - [texture_app] - GPU memory reserved before: 0.00 GB
2025-04-02 11:31:41,285 - INFO - [texture_app] - Initializing TEXTure Trainer...
2025-04-02 11:31:59,691 - INFO - [texture_app] - TEXTure Trainer Initialized.
2025-04-02 11:31:59,691 - INFO - [texture_app] - Starting painting...
2025-04-02 11:35:25,977 - INFO - [texture_app] - Painting finished.
2025-04-02 11:35:25,977 - INFO - [texture_app] - GPU memory allocated after: 26.78 GB
2025-04-02 11:35:25,977 - INFO - [texture_app] - GPU memory reserved after: 35.00 GB
2025-04-02 11:35:25,977 - INFO - [texture_app] - Elapsed time: 224.69 seconds
2025-04-02 11:35:25,977 - INFO - [texture_app] - Script finished successfully.
2025-04-02 11:35:29,076 - INFO - [root] - Logging initialized via basicConfig to run_basic.log
2025-04-02 11:35:30,483 - INFO - [kaolin.render.mesh.nvdiffrast_context] - Cannot import nvdiffrast
2025-04-02 11:35:32,906 - INFO - [texture_app] - Current working directory: /home/mmai6k_01/TEXTurePaper
2025-04-02 11:35:32,906 - INFO - [texture_app] - Starting training/evaluation.
2025-04-02 11:35:32,906 - INFO - [texture_app] - Running config file (from argv): --config_path=configs/text_guided/alien_2.yaml
2025-04-02 11:35:32,906 - INFO - [texture_app] - GPU memory allocated before: 0.00 GB
2025-04-02 11:35:32,906 - INFO - [texture_app] - GPU memory reserved before: 0.00 GB
2025-04-02 11:35:32,906 - INFO - [texture_app] - Initializing TEXTure Trainer...
2025-04-02 11:35:51,692 - INFO - [texture_app] - TEXTure Trainer Initialized.
2025-04-02 11:35:51,693 - INFO - [texture_app] - Starting painting...
2025-04-02 11:39:16,277 - INFO - [texture_app] - Painting finished.
2025-04-02 11:39:16,278 - INFO - [texture_app] - GPU memory allocated after: 26.78 GB
2025-04-02 11:39:16,278 - INFO - [texture_app] - GPU memory reserved after: 35.00 GB
2025-04-02 11:39:16,278 - INFO - [texture_app] - Elapsed time: 223.37 seconds
2025-04-02 11:39:16,278 - INFO - [texture_app] - Script finished successfully.
2025-04-02 11:39:19,564 - INFO - [root] - Logging initialized via basicConfig to run_basic.log
2025-04-02 11:39:20,972 - INFO - [kaolin.render.mesh.nvdiffrast_context] - Cannot import nvdiffrast
2025-04-02 11:39:23,026 - INFO - [texture_app] - Current working directory: /home/mmai6k_01/TEXTurePaper
2025-04-02 11:39:23,026 - INFO - [texture_app] - Starting training/evaluation.
2025-04-02 11:39:23,026 - INFO - [texture_app] - Running config file (from argv): --config_path=configs/text_guided/alien_3.yaml
2025-04-02 11:39:23,027 - INFO - [texture_app] - GPU memory allocated before: 0.00 GB
2025-04-02 11:39:23,027 - INFO - [texture_app] - GPU memory reserved before: 0.00 GB
2025-04-02 11:39:23,027 - INFO - [texture_app] - Initializing TEXTure Trainer...
2025-04-02 11:39:41,675 - INFO - [texture_app] - TEXTure Trainer Initialized.
2025-04-02 11:39:41,675 - INFO - [texture_app] - Starting painting...
2025-04-02 11:43:05,662 - INFO - [texture_app] - Painting finished.
2025-04-02 11:43:05,663 - INFO - [texture_app] - GPU memory allocated after: 26.78 GB
2025-04-02 11:43:05,663 - INFO - [texture_app] - GPU memory reserved after: 35.00 GB
2025-04-02 11:43:05,663 - INFO - [texture_app] - Elapsed time: 222.64 seconds
2025-04-02 11:43:05,663 - INFO - [texture_app] - Script finished successfully.
2025-04-02 11:43:08,714 - INFO - [root] - Logging initialized via basicConfig to run_basic.log
2025-04-02 11:43:09,837 - INFO - [kaolin.render.mesh.nvdiffrast_context] - Cannot import nvdiffrast
2025-04-02 11:43:11,709 - INFO - [texture_app] - Current working directory: /home/mmai6k_01/TEXTurePaper
2025-04-02 11:43:11,709 - INFO - [texture_app] - Starting training/evaluation.
2025-04-02 11:43:11,709 - INFO - [texture_app] - Running config file (from argv): --config_path=configs/text_guided/alien_4.yaml
2025-04-02 11:43:11,710 - INFO - [texture_app] - GPU memory allocated before: 0.00 GB
2025-04-02 11:43:11,710 - INFO - [texture_app] - GPU memory reserved before: 0.00 GB
2025-04-02 11:43:11,710 - INFO - [texture_app] - Initializing TEXTure Trainer...
2025-04-02 11:43:32,175 - INFO - [texture_app] - TEXTure Trainer Initialized.
2025-04-02 11:43:32,175 - INFO - [texture_app] - Starting painting...
2025-04-02 11:47:01,755 - INFO - [texture_app] - Painting finished.
2025-04-02 11:47:01,756 - INFO - [texture_app] - GPU memory allocated after: 26.78 GB
2025-04-02 11:47:01,756 - INFO - [texture_app] - GPU memory reserved after: 35.00 GB
2025-04-02 11:47:01,756 - INFO - [texture_app] - Elapsed time: 230.05 seconds
2025-04-02 11:47:01,756 - INFO - [texture_app] - Script finished successfully.
2025-04-02 11:47:05,015 - INFO - [root] - Logging initialized via basicConfig to run_basic.log
2025-04-02 11:47:06,358 - INFO - [kaolin.render.mesh.nvdiffrast_context] - Cannot import nvdiffrast
2025-04-02 11:47:08,227 - INFO - [texture_app] - Current working directory: /home/mmai6k_01/TEXTurePaper
2025-04-02 11:47:08,227 - INFO - [texture_app] - Starting training/evaluation.
2025-04-02 11:47:08,227 - INFO - [texture_app] - Running config file (from argv): --config_path=configs/text_guided/alien_5.yaml
2025-04-02 11:47:08,228 - INFO - [texture_app] - GPU memory allocated before: 0.00 GB
2025-04-02 11:47:08,228 - INFO - [texture_app] - GPU memory reserved before: 0.00 GB
2025-04-02 11:47:08,228 - INFO - [texture_app] - Initializing TEXTure Trainer...
2025-04-02 11:47:25,161 - INFO - [texture_app] - TEXTure Trainer Initialized.
2025-04-02 11:47:25,161 - INFO - [texture_app] - Starting painting...
2025-04-02 11:50:51,822 - INFO - [texture_app] - Painting finished.
2025-04-02 11:50:51,823 - INFO - [texture_app] - GPU memory allocated after: 26.78 GB
2025-04-02 11:50:51,823 - INFO - [texture_app] - GPU memory reserved after: 35.00 GB
2025-04-02 11:50:51,823 - INFO - [texture_app] - Elapsed time: 223.60 seconds
2025-04-02 11:50:51,823 - INFO - [texture_app] - Script finished successfully.
2025-04-02 11:50:55,094 - INFO - [root] - Logging initialized via basicConfig to run_basic.log
2025-04-02 11:50:56,393 - INFO - [kaolin.render.mesh.nvdiffrast_context] - Cannot import nvdiffrast
2025-04-02 11:50:58,165 - INFO - [texture_app] - Current working directory: /home/mmai6k_01/TEXTurePaper
2025-04-02 11:50:58,166 - INFO - [texture_app] - Starting training/evaluation.
2025-04-02 11:50:58,166 - INFO - [texture_app] - Running config file (from argv): --config_path=configs/text_guided/apple_1.yaml
2025-04-02 11:50:58,166 - INFO - [texture_app] - GPU memory allocated before: 0.00 GB
2025-04-02 11:50:58,166 - INFO - [texture_app] - GPU memory reserved before: 0.00 GB
2025-04-02 11:50:58,166 - INFO - [texture_app] - Initializing TEXTure Trainer...
2025-04-02 11:51:15,701 - INFO - [texture_app] - TEXTure Trainer Initialized.
2025-04-02 11:51:15,701 - INFO - [texture_app] - Starting painting...
2025-04-02 11:54:23,648 - INFO - [texture_app] - Painting finished.
2025-04-02 11:54:23,649 - INFO - [texture_app] - GPU memory allocated after: 26.77 GB
2025-04-02 11:54:23,649 - INFO - [texture_app] - GPU memory reserved after: 35.03 GB
2025-04-02 11:54:23,649 - INFO - [texture_app] - Elapsed time: 205.48 seconds
2025-04-02 11:54:23,649 - INFO - [texture_app] - Script finished successfully.
2025-04-02 11:54:26,865 - INFO - [root] - Logging initialized via basicConfig to run_basic.log
2025-04-02 11:54:28,266 - INFO - [kaolin.render.mesh.nvdiffrast_context] - Cannot import nvdiffrast
2025-04-02 11:54:30,256 - INFO - [texture_app] - Current working directory: /home/mmai6k_01/TEXTurePaper
2025-04-02 11:54:30,256 - INFO - [texture_app] - Starting training/evaluation.
2025-04-02 11:54:30,256 - INFO - [texture_app] - Running config file (from argv): --config_path=configs/text_guided/apple_2.yaml
2025-04-02 11:54:30,256 - INFO - [texture_app] - GPU memory allocated before: 0.00 GB
2025-04-02 11:54:30,256 - INFO - [texture_app] - GPU memory reserved before: 0.00 GB
2025-04-02 11:54:30,256 - INFO - [texture_app] - Initializing TEXTure Trainer...
2025-04-02 11:54:47,949 - INFO - [texture_app] - TEXTure Trainer Initialized.
2025-04-02 11:54:47,949 - INFO - [texture_app] - Starting painting...
2025-04-02 11:57:58,362 - INFO - [texture_app] - Painting finished.
2025-04-02 11:57:58,363 - INFO - [texture_app] - GPU memory allocated after: 26.77 GB
2025-04-02 11:57:58,363 - INFO - [texture_app] - GPU memory reserved after: 35.03 GB
2025-04-02 11:57:58,363 - INFO - [texture_app] - Elapsed time: 208.11 seconds
2025-04-02 11:57:58,363 - INFO - [texture_app] - Script finished successfully.
2025-04-02 11:58:01,692 - INFO - [root] - Logging initialized via basicConfig to run_basic.log
2025-04-02 11:58:03,114 - INFO - [kaolin.render.mesh.nvdiffrast_context] - Cannot import nvdiffrast
2025-04-02 11:58:05,014 - INFO - [texture_app] - Current working directory: /home/mmai6k_01/TEXTurePaper
2025-04-02 11:58:05,014 - INFO - [texture_app] - Starting training/evaluation.
2025-04-02 11:58:05,014 - INFO - [texture_app] - Running config file (from argv): --config_path=configs/text_guided/apple_3.yaml
2025-04-02 11:58:05,015 - INFO - [texture_app] - GPU memory allocated before: 0.00 GB
2025-04-02 11:58:05,015 - INFO - [texture_app] - GPU memory reserved before: 0.00 GB
2025-04-02 11:58:05,015 - INFO - [texture_app] - Initializing TEXTure Trainer...
2025-04-02 11:58:21,757 - INFO - [texture_app] - TEXTure Trainer Initialized.
2025-04-02 11:58:21,757 - INFO - [texture_app] - Starting painting...
2025-04-02 12:01:29,917 - INFO - [texture_app] - Painting finished.
2025-04-02 12:01:29,918 - INFO - [texture_app] - GPU memory allocated after: 26.77 GB
2025-04-02 12:01:29,918 - INFO - [texture_app] - GPU memory reserved after: 35.03 GB
2025-04-02 12:01:29,918 - INFO - [texture_app] - Elapsed time: 204.90 seconds
2025-04-02 12:01:29,918 - INFO - [texture_app] - Script finished successfully.
2025-04-02 12:01:33,255 - INFO - [root] - Logging initialized via basicConfig to run_basic.log
2025-04-02 12:01:34,663 - INFO - [kaolin.render.mesh.nvdiffrast_context] - Cannot import nvdiffrast
2025-04-02 12:01:36,954 - INFO - [texture_app] - Current working directory: /home/mmai6k_01/TEXTurePaper
2025-04-02 12:01:36,954 - INFO - [texture_app] - Starting training/evaluation.
2025-04-02 12:01:36,954 - INFO - [texture_app] - Running config file (from argv): --config_path=configs/text_guided/apple_4.yaml
2025-04-02 12:01:36,955 - INFO - [texture_app] - GPU memory allocated before: 0.00 GB
2025-04-02 12:01:36,955 - INFO - [texture_app] - GPU memory reserved before: 0.00 GB
2025-04-02 12:01:36,955 - INFO - [texture_app] - Initializing TEXTure Trainer...
2025-04-02 12:01:55,176 - INFO - [texture_app] - TEXTure Trainer Initialized.
2025-04-02 12:01:55,176 - INFO - [texture_app] - Starting painting...
2025-04-02 12:05:02,687 - INFO - [texture_app] - Painting finished.
2025-04-02 12:05:02,688 - INFO - [texture_app] - GPU memory allocated after: 26.77 GB
2025-04-02 12:05:02,688 - INFO - [texture_app] - GPU memory reserved after: 35.03 GB
2025-04-02 12:05:02,688 - INFO - [texture_app] - Elapsed time: 205.73 seconds
2025-04-02 12:05:02,688 - INFO - [texture_app] - Script finished successfully.
2025-04-02 12:05:05,960 - INFO - [root] - Logging initialized via basicConfig to run_basic.log
2025-04-02 12:05:07,367 - INFO - [kaolin.render.mesh.nvdiffrast_context] - Cannot import nvdiffrast
2025-04-02 12:05:09,336 - INFO - [texture_app] - Current working directory: /home/mmai6k_01/TEXTurePaper
2025-04-02 12:05:09,336 - INFO - [texture_app] - Starting training/evaluation.
2025-04-02 12:05:09,336 - INFO - [texture_app] - Running config file (from argv): --config_path=configs/text_guided/apple_5.yaml
2025-04-02 12:05:09,337 - INFO - [texture_app] - GPU memory allocated before: 0.00 GB
2025-04-02 12:05:09,337 - INFO - [texture_app] - GPU memory reserved before: 0.00 GB
2025-04-02 12:05:09,337 - INFO - [texture_app] - Initializing TEXTure Trainer...
2025-04-02 12:05:26,726 - INFO - [texture_app] - TEXTure Trainer Initialized.
2025-04-02 12:05:26,726 - INFO - [texture_app] - Starting painting...
2025-04-02 12:08:36,722 - INFO - [texture_app] - Painting finished.
2025-04-02 12:08:36,723 - INFO - [texture_app] - GPU memory allocated after: 26.77 GB
2025-04-02 12:08:36,723 - INFO - [texture_app] - GPU memory reserved after: 35.03 GB
2025-04-02 12:08:36,723 - INFO - [texture_app] - Elapsed time: 207.39 seconds
2025-04-02 12:08:36,723 - INFO - [texture_app] - Script finished successfully.
2025-04-02 12:08:40,059 - INFO - [root] - Logging initialized via basicConfig to run_basic.log
2025-04-02 12:08:41,475 - INFO - [kaolin.render.mesh.nvdiffrast_context] - Cannot import nvdiffrast
2025-04-02 12:08:43,582 - INFO - [texture_app] - Current working directory: /home/mmai6k_01/TEXTurePaper
2025-04-02 12:08:43,583 - INFO - [texture_app] - Starting training/evaluation.
2025-04-02 12:08:43,583 - INFO - [texture_app] - Running config file (from argv): --config_path=configs/text_guided/basketball_1.yaml
2025-04-02 12:08:43,583 - INFO - [texture_app] - GPU memory allocated before: 0.00 GB
2025-04-02 12:08:43,583 - INFO - [texture_app] - GPU memory reserved before: 0.00 GB
2025-04-02 12:08:43,583 - INFO - [texture_app] - Initializing TEXTure Trainer...
2025-04-02 12:08:44,007 - ERROR - [texture_app] - An error occurred during execution:
Traceback (most recent call last):
  File "/home/mmai6k_01/TEXTurePaper/scripts/run_texture.py", line 104, in main
    trainer = TEXTure(cfg)
  File "/home/mmai6k_01/TEXTurePaper/src/training/trainer.py", line 60, in __init__
    self.mesh_model = self.init_mesh_model()
  File "/home/mmai6k_01/TEXTurePaper/src/training/trainer.py", line 76, in init_mesh_model
    model = TexturedMeshModel(self.cfg.guide, device=self.device,
  File "/home/mmai6k_01/TEXTurePaper/src/models/textured_mesh.py", line 180, in __init__
    self.vt, self.ft = self.init_texture_map()
  File "/home/mmai6k_01/TEXTurePaper/src/models/textured_mesh.py", line 322, in init_texture_map
    atlas.add_mesh(v_np, f_np)
ValueError: Index array expected to be Nx3.
2025-04-02 12:08:46,348 - INFO - [root] - Logging initialized via basicConfig to run_basic.log
2025-04-02 12:08:47,372 - INFO - [kaolin.render.mesh.nvdiffrast_context] - Cannot import nvdiffrast
2025-04-02 12:08:49,119 - INFO - [texture_app] - Current working directory: /home/mmai6k_01/TEXTurePaper
2025-04-02 12:08:49,119 - INFO - [texture_app] - Starting training/evaluation.
2025-04-02 12:08:49,119 - INFO - [texture_app] - Running config file (from argv): --config_path=configs/text_guided/basketball_2.yaml
2025-04-02 12:08:49,119 - INFO - [texture_app] - GPU memory allocated before: 0.00 GB
2025-04-02 12:08:49,119 - INFO - [texture_app] - GPU memory reserved before: 0.00 GB
2025-04-02 12:08:49,119 - INFO - [texture_app] - Initializing TEXTure Trainer...
2025-04-02 12:08:49,449 - ERROR - [texture_app] - An error occurred during execution:
Traceback (most recent call last):
  File "/home/mmai6k_01/TEXTurePaper/scripts/run_texture.py", line 104, in main
    trainer = TEXTure(cfg)
  File "/home/mmai6k_01/TEXTurePaper/src/training/trainer.py", line 60, in __init__
    self.mesh_model = self.init_mesh_model()
  File "/home/mmai6k_01/TEXTurePaper/src/training/trainer.py", line 76, in init_mesh_model
    model = TexturedMeshModel(self.cfg.guide, device=self.device,
  File "/home/mmai6k_01/TEXTurePaper/src/models/textured_mesh.py", line 180, in __init__
    self.vt, self.ft = self.init_texture_map()
  File "/home/mmai6k_01/TEXTurePaper/src/models/textured_mesh.py", line 322, in init_texture_map
    atlas.add_mesh(v_np, f_np)
ValueError: Index array expected to be Nx3.
2025-04-02 12:08:51,713 - INFO - [root] - Logging initialized via basicConfig to run_basic.log
2025-04-02 12:08:52,732 - INFO - [kaolin.render.mesh.nvdiffrast_context] - Cannot import nvdiffrast
2025-04-02 12:08:54,581 - INFO - [texture_app] - Current working directory: /home/mmai6k_01/TEXTurePaper
2025-04-02 12:08:54,581 - INFO - [texture_app] - Starting training/evaluation.
2025-04-02 12:08:54,581 - INFO - [texture_app] - Running config file (from argv): --config_path=configs/text_guided/basketball_3.yaml
2025-04-02 12:08:54,581 - INFO - [texture_app] - GPU memory allocated before: 0.00 GB
2025-04-02 12:08:54,581 - INFO - [texture_app] - GPU memory reserved before: 0.00 GB
2025-04-02 12:08:54,581 - INFO - [texture_app] - Initializing TEXTure Trainer...
2025-04-02 12:08:54,914 - ERROR - [texture_app] - An error occurred during execution:
Traceback (most recent call last):
  File "/home/mmai6k_01/TEXTurePaper/scripts/run_texture.py", line 104, in main
    trainer = TEXTure(cfg)
  File "/home/mmai6k_01/TEXTurePaper/src/training/trainer.py", line 60, in __init__
    self.mesh_model = self.init_mesh_model()
  File "/home/mmai6k_01/TEXTurePaper/src/training/trainer.py", line 76, in init_mesh_model
    model = TexturedMeshModel(self.cfg.guide, device=self.device,
  File "/home/mmai6k_01/TEXTurePaper/src/models/textured_mesh.py", line 180, in __init__
    self.vt, self.ft = self.init_texture_map()
  File "/home/mmai6k_01/TEXTurePaper/src/models/textured_mesh.py", line 322, in init_texture_map
    atlas.add_mesh(v_np, f_np)
ValueError: Index array expected to be Nx3.
2025-04-02 12:08:57,162 - INFO - [root] - Logging initialized via basicConfig to run_basic.log
2025-04-02 12:08:58,241 - INFO - [kaolin.render.mesh.nvdiffrast_context] - Cannot import nvdiffrast
2025-04-02 12:09:00,004 - INFO - [texture_app] - Current working directory: /home/mmai6k_01/TEXTurePaper
2025-04-02 12:09:00,004 - INFO - [texture_app] - Starting training/evaluation.
2025-04-02 12:09:00,004 - INFO - [texture_app] - Running config file (from argv): --config_path=configs/text_guided/basketball_4.yaml
2025-04-02 12:09:00,006 - INFO - [texture_app] - GPU memory allocated before: 0.00 GB
2025-04-02 12:09:00,007 - INFO - [texture_app] - GPU memory reserved before: 0.00 GB
2025-04-02 12:09:00,007 - INFO - [texture_app] - Initializing TEXTure Trainer...
2025-04-02 12:09:00,428 - ERROR - [texture_app] - An error occurred during execution:
Traceback (most recent call last):
  File "/home/mmai6k_01/TEXTurePaper/scripts/run_texture.py", line 104, in main
    trainer = TEXTure(cfg)
  File "/home/mmai6k_01/TEXTurePaper/src/training/trainer.py", line 60, in __init__
    self.mesh_model = self.init_mesh_model()
  File "/home/mmai6k_01/TEXTurePaper/src/training/trainer.py", line 76, in init_mesh_model
    model = TexturedMeshModel(self.cfg.guide, device=self.device,
  File "/home/mmai6k_01/TEXTurePaper/src/models/textured_mesh.py", line 180, in __init__
    self.vt, self.ft = self.init_texture_map()
  File "/home/mmai6k_01/TEXTurePaper/src/models/textured_mesh.py", line 322, in init_texture_map
    atlas.add_mesh(v_np, f_np)
ValueError: Index array expected to be Nx3.
2025-04-02 12:09:02,786 - INFO - [root] - Logging initialized via basicConfig to run_basic.log
2025-04-02 12:09:03,821 - INFO - [kaolin.render.mesh.nvdiffrast_context] - Cannot import nvdiffrast
2025-04-02 12:09:05,641 - INFO - [texture_app] - Current working directory: /home/mmai6k_01/TEXTurePaper
2025-04-02 12:09:05,641 - INFO - [texture_app] - Starting training/evaluation.
2025-04-02 12:09:05,641 - INFO - [texture_app] - Running config file (from argv): --config_path=configs/text_guided/basketball_5.yaml
2025-04-02 12:09:05,642 - INFO - [texture_app] - GPU memory allocated before: 0.00 GB
2025-04-02 12:09:05,642 - INFO - [texture_app] - GPU memory reserved before: 0.00 GB
2025-04-02 12:09:05,642 - INFO - [texture_app] - Initializing TEXTure Trainer...
2025-04-02 12:09:05,988 - ERROR - [texture_app] - An error occurred during execution:
Traceback (most recent call last):
  File "/home/mmai6k_01/TEXTurePaper/scripts/run_texture.py", line 104, in main
    trainer = TEXTure(cfg)
  File "/home/mmai6k_01/TEXTurePaper/src/training/trainer.py", line 60, in __init__
    self.mesh_model = self.init_mesh_model()
  File "/home/mmai6k_01/TEXTurePaper/src/training/trainer.py", line 76, in init_mesh_model
    model = TexturedMeshModel(self.cfg.guide, device=self.device,
  File "/home/mmai6k_01/TEXTurePaper/src/models/textured_mesh.py", line 180, in __init__
    self.vt, self.ft = self.init_texture_map()
  File "/home/mmai6k_01/TEXTurePaper/src/models/textured_mesh.py", line 322, in init_texture_map
    atlas.add_mesh(v_np, f_np)
ValueError: Index array expected to be Nx3.
2025-04-02 12:09:08,257 - INFO - [root] - Logging initialized via basicConfig to run_basic.log
2025-04-02 12:09:09,272 - INFO - [kaolin.render.mesh.nvdiffrast_context] - Cannot import nvdiffrast
2025-04-02 12:09:11,152 - INFO - [texture_app] - Current working directory: /home/mmai6k_01/TEXTurePaper
2025-04-02 12:09:11,152 - INFO - [texture_app] - Starting training/evaluation.
2025-04-02 12:09:11,152 - INFO - [texture_app] - Running config file (from argv): --config_path=configs/text_guided/bunny_1.yaml
2025-04-02 12:09:11,152 - INFO - [texture_app] - GPU memory allocated before: 0.00 GB
2025-04-02 12:09:11,152 - INFO - [texture_app] - GPU memory reserved before: 0.00 GB
2025-04-02 12:09:11,153 - INFO - [texture_app] - Initializing TEXTure Trainer...
2025-04-02 12:09:29,734 - INFO - [texture_app] - TEXTure Trainer Initialized.
2025-04-02 12:09:29,734 - INFO - [texture_app] - Starting painting...
2025-04-02 12:12:37,079 - INFO - [texture_app] - Painting finished.
2025-04-02 12:12:37,079 - INFO - [texture_app] - GPU memory allocated after: 26.78 GB
2025-04-02 12:12:37,079 - INFO - [texture_app] - GPU memory reserved after: 34.96 GB
2025-04-02 12:12:37,079 - INFO - [texture_app] - Elapsed time: 205.93 seconds
2025-04-02 12:12:37,079 - INFO - [texture_app] - Script finished successfully.
2025-04-02 12:12:39,955 - INFO - [root] - Logging initialized via basicConfig to run_basic.log
2025-04-02 12:12:41,037 - INFO - [kaolin.render.mesh.nvdiffrast_context] - Cannot import nvdiffrast
2025-04-02 12:12:42,928 - INFO - [texture_app] - Current working directory: /home/mmai6k_01/TEXTurePaper
2025-04-02 12:12:42,928 - INFO - [texture_app] - Starting training/evaluation.
2025-04-02 12:12:42,928 - INFO - [texture_app] - Running config file (from argv): --config_path=configs/text_guided/bunny_2.yaml
2025-04-02 12:12:42,929 - INFO - [texture_app] - GPU memory allocated before: 0.00 GB
2025-04-02 12:12:42,929 - INFO - [texture_app] - GPU memory reserved before: 0.00 GB
2025-04-02 12:12:42,929 - INFO - [texture_app] - Initializing TEXTure Trainer...
2025-04-02 12:12:59,726 - INFO - [texture_app] - TEXTure Trainer Initialized.
2025-04-02 12:12:59,726 - INFO - [texture_app] - Starting painting...
2025-04-02 12:16:06,892 - INFO - [texture_app] - Painting finished.
2025-04-02 12:16:06,893 - INFO - [texture_app] - GPU memory allocated after: 26.78 GB
2025-04-02 12:16:06,893 - INFO - [texture_app] - GPU memory reserved after: 34.96 GB
2025-04-02 12:16:06,893 - INFO - [texture_app] - Elapsed time: 203.97 seconds
2025-04-02 12:16:06,894 - INFO - [texture_app] - Script finished successfully.
2025-04-02 12:16:10,425 - INFO - [root] - Logging initialized via basicConfig to run_basic.log
2025-04-02 12:16:11,666 - INFO - [kaolin.render.mesh.nvdiffrast_context] - Cannot import nvdiffrast
2025-04-02 12:16:14,205 - INFO - [texture_app] - Current working directory: /home/mmai6k_01/TEXTurePaper
2025-04-02 12:16:14,205 - INFO - [texture_app] - Starting training/evaluation.
2025-04-02 12:16:14,205 - INFO - [texture_app] - Running config file (from argv): --config_path=configs/text_guided/bunny_3.yaml
2025-04-02 12:16:14,206 - INFO - [texture_app] - GPU memory allocated before: 0.00 GB
2025-04-02 12:16:14,206 - INFO - [texture_app] - GPU memory reserved before: 0.00 GB
2025-04-02 12:16:14,206 - INFO - [texture_app] - Initializing TEXTure Trainer...
2025-04-02 12:16:31,201 - INFO - [texture_app] - TEXTure Trainer Initialized.
2025-04-02 12:16:31,202 - INFO - [texture_app] - Starting painting...
2025-04-02 12:19:39,000 - INFO - [texture_app] - Painting finished.
2025-04-02 12:19:39,000 - INFO - [texture_app] - GPU memory allocated after: 26.78 GB
2025-04-02 12:19:39,000 - INFO - [texture_app] - GPU memory reserved after: 34.96 GB
2025-04-02 12:19:39,000 - INFO - [texture_app] - Elapsed time: 204.80 seconds
2025-04-02 12:19:39,000 - INFO - [texture_app] - Script finished successfully.
2025-04-02 12:19:42,092 - INFO - [root] - Logging initialized via basicConfig to run_basic.log
2025-04-02 12:19:43,515 - INFO - [kaolin.render.mesh.nvdiffrast_context] - Cannot import nvdiffrast
2025-04-02 12:19:46,004 - INFO - [texture_app] - Current working directory: /home/mmai6k_01/TEXTurePaper
2025-04-02 12:19:46,004 - INFO - [texture_app] - Starting training/evaluation.
2025-04-02 12:19:46,004 - INFO - [texture_app] - Running config file (from argv): --config_path=configs/text_guided/bunny_4.yaml
2025-04-02 12:19:46,005 - INFO - [texture_app] - GPU memory allocated before: 0.00 GB
2025-04-02 12:19:46,005 - INFO - [texture_app] - GPU memory reserved before: 0.00 GB
2025-04-02 12:19:46,005 - INFO - [texture_app] - Initializing TEXTure Trainer...
2025-04-02 12:20:03,015 - INFO - [texture_app] - TEXTure Trainer Initialized.
2025-04-02 12:20:03,015 - INFO - [texture_app] - Starting painting...
2025-04-02 12:23:09,762 - INFO - [texture_app] - Painting finished.
2025-04-02 12:23:09,763 - INFO - [texture_app] - GPU memory allocated after: 26.78 GB
2025-04-02 12:23:09,763 - INFO - [texture_app] - GPU memory reserved after: 34.96 GB
2025-04-02 12:23:09,763 - INFO - [texture_app] - Elapsed time: 203.76 seconds
2025-04-02 12:23:09,763 - INFO - [texture_app] - Script finished successfully.
2025-04-02 12:23:13,119 - INFO - [root] - Logging initialized via basicConfig to run_basic.log
2025-04-02 12:23:14,439 - INFO - [kaolin.render.mesh.nvdiffrast_context] - Cannot import nvdiffrast
2025-04-02 12:23:16,389 - INFO - [texture_app] - Current working directory: /home/mmai6k_01/TEXTurePaper
2025-04-02 12:23:16,390 - INFO - [texture_app] - Starting training/evaluation.
2025-04-02 12:23:16,390 - INFO - [texture_app] - Running config file (from argv): --config_path=configs/text_guided/bunny_5.yaml
2025-04-02 12:23:16,390 - INFO - [texture_app] - GPU memory allocated before: 0.00 GB
2025-04-02 12:23:16,390 - INFO - [texture_app] - GPU memory reserved before: 0.00 GB
2025-04-02 12:23:16,390 - INFO - [texture_app] - Initializing TEXTure Trainer...
2025-04-02 12:23:33,995 - INFO - [texture_app] - TEXTure Trainer Initialized.
2025-04-02 12:23:33,995 - INFO - [texture_app] - Starting painting...
2025-04-02 12:26:40,726 - INFO - [texture_app] - Painting finished.
2025-04-02 12:26:40,727 - INFO - [texture_app] - GPU memory allocated after: 26.78 GB
2025-04-02 12:26:40,727 - INFO - [texture_app] - GPU memory reserved after: 34.96 GB
2025-04-02 12:26:40,727 - INFO - [texture_app] - Elapsed time: 204.34 seconds
2025-04-02 12:26:40,727 - INFO - [texture_app] - Script finished successfully.
2025-04-02 12:26:43,718 - INFO - [root] - Logging initialized via basicConfig to run_basic.log
2025-04-02 12:26:44,793 - INFO - [kaolin.render.mesh.nvdiffrast_context] - Cannot import nvdiffrast
2025-04-02 12:26:47,013 - INFO - [texture_app] - Current working directory: /home/mmai6k_01/TEXTurePaper
2025-04-02 12:26:47,013 - INFO - [texture_app] - Starting training/evaluation.
2025-04-02 12:26:47,013 - INFO - [texture_app] - Running config file (from argv): --config_path=configs/text_guided/candle_1.yaml
2025-04-02 12:26:47,013 - INFO - [texture_app] - GPU memory allocated before: 0.00 GB
2025-04-02 12:26:47,014 - INFO - [texture_app] - GPU memory reserved before: 0.00 GB
2025-04-02 12:26:47,014 - INFO - [texture_app] - Initializing TEXTure Trainer...
2025-04-02 12:27:15,165 - INFO - [texture_app] - TEXTure Trainer Initialized.
2025-04-02 12:27:15,165 - INFO - [texture_app] - Starting painting...
2025-04-02 12:30:28,210 - INFO - [texture_app] - Painting finished.
2025-04-02 12:30:28,211 - INFO - [texture_app] - GPU memory allocated after: 26.78 GB
2025-04-02 12:30:28,211 - INFO - [texture_app] - GPU memory reserved after: 34.97 GB
2025-04-02 12:30:28,211 - INFO - [texture_app] - Elapsed time: 221.20 seconds
2025-04-02 12:30:28,211 - INFO - [texture_app] - Script finished successfully.
2025-04-02 12:30:31,493 - INFO - [root] - Logging initialized via basicConfig to run_basic.log
2025-04-02 12:30:32,898 - INFO - [kaolin.render.mesh.nvdiffrast_context] - Cannot import nvdiffrast
2025-04-02 12:30:35,389 - INFO - [texture_app] - Current working directory: /home/mmai6k_01/TEXTurePaper
2025-04-02 12:30:35,389 - INFO - [texture_app] - Starting training/evaluation.
2025-04-02 12:30:35,389 - INFO - [texture_app] - Running config file (from argv): --config_path=configs/text_guided/candle_2.yaml
2025-04-02 12:30:35,389 - INFO - [texture_app] - GPU memory allocated before: 0.00 GB
2025-04-02 12:30:35,389 - INFO - [texture_app] - GPU memory reserved before: 0.00 GB
2025-04-02 12:30:35,390 - INFO - [texture_app] - Initializing TEXTure Trainer...
2025-04-02 12:30:52,532 - INFO - [texture_app] - TEXTure Trainer Initialized.
2025-04-02 12:30:52,532 - INFO - [texture_app] - Starting painting...
2025-04-02 12:34:07,311 - INFO - [texture_app] - Painting finished.
2025-04-02 12:34:07,312 - INFO - [texture_app] - GPU memory allocated after: 26.78 GB
2025-04-02 12:34:07,312 - INFO - [texture_app] - GPU memory reserved after: 34.97 GB
2025-04-02 12:34:07,312 - INFO - [texture_app] - Elapsed time: 211.92 seconds
2025-04-02 12:34:07,312 - INFO - [texture_app] - Script finished successfully.
2025-04-02 12:34:10,548 - INFO - [root] - Logging initialized via basicConfig to run_basic.log
2025-04-02 12:34:11,959 - INFO - [kaolin.render.mesh.nvdiffrast_context] - Cannot import nvdiffrast
2025-04-02 12:34:13,968 - INFO - [texture_app] - Current working directory: /home/mmai6k_01/TEXTurePaper
2025-04-02 12:34:13,968 - INFO - [texture_app] - Starting training/evaluation.
2025-04-02 12:34:13,969 - INFO - [texture_app] - Running config file (from argv): --config_path=configs/text_guided/candle_3.yaml
2025-04-02 12:34:13,969 - INFO - [texture_app] - GPU memory allocated before: 0.00 GB
2025-04-02 12:34:13,969 - INFO - [texture_app] - GPU memory reserved before: 0.00 GB
2025-04-02 12:34:13,969 - INFO - [texture_app] - Initializing TEXTure Trainer...
2025-04-02 12:34:30,728 - INFO - [texture_app] - TEXTure Trainer Initialized.
2025-04-02 12:34:30,729 - INFO - [texture_app] - Starting painting...
2025-04-02 12:37:44,275 - INFO - [texture_app] - Painting finished.
2025-04-02 12:37:44,276 - INFO - [texture_app] - GPU memory allocated after: 26.78 GB
2025-04-02 12:37:44,276 - INFO - [texture_app] - GPU memory reserved after: 34.97 GB
2025-04-02 12:37:44,276 - INFO - [texture_app] - Elapsed time: 210.31 seconds
2025-04-02 12:37:44,276 - INFO - [texture_app] - Script finished successfully.
2025-04-02 12:37:47,630 - INFO - [root] - Logging initialized via basicConfig to run_basic.log
2025-04-02 12:37:49,045 - INFO - [kaolin.render.mesh.nvdiffrast_context] - Cannot import nvdiffrast
2025-04-02 12:37:51,543 - INFO - [texture_app] - Current working directory: /home/mmai6k_01/TEXTurePaper
2025-04-02 12:37:51,544 - INFO - [texture_app] - Starting training/evaluation.
2025-04-02 12:37:51,544 - INFO - [texture_app] - Running config file (from argv): --config_path=configs/text_guided/candle_4.yaml
2025-04-02 12:37:51,544 - INFO - [texture_app] - GPU memory allocated before: 0.00 GB
2025-04-02 12:37:51,544 - INFO - [texture_app] - GPU memory reserved before: 0.00 GB
2025-04-02 12:37:51,544 - INFO - [texture_app] - Initializing TEXTure Trainer...
2025-04-02 12:38:08,434 - INFO - [texture_app] - TEXTure Trainer Initialized.
2025-04-02 12:38:08,434 - INFO - [texture_app] - Starting painting...
2025-04-02 12:41:22,141 - INFO - [texture_app] - Painting finished.
2025-04-02 12:41:22,142 - INFO - [texture_app] - GPU memory allocated after: 26.78 GB
2025-04-02 12:41:22,142 - INFO - [texture_app] - GPU memory reserved after: 34.97 GB
2025-04-02 12:41:22,142 - INFO - [texture_app] - Elapsed time: 210.60 seconds
2025-04-02 12:41:22,142 - INFO - [texture_app] - Script finished successfully.
2025-04-02 12:41:25,127 - INFO - [root] - Logging initialized via basicConfig to run_basic.log
2025-04-02 12:41:26,187 - INFO - [kaolin.render.mesh.nvdiffrast_context] - Cannot import nvdiffrast
2025-04-02 12:41:28,368 - INFO - [texture_app] - Current working directory: /home/mmai6k_01/TEXTurePaper
2025-04-02 12:41:28,368 - INFO - [texture_app] - Starting training/evaluation.
2025-04-02 12:41:28,368 - INFO - [texture_app] - Running config file (from argv): --config_path=configs/text_guided/candle_5.yaml
2025-04-02 12:41:28,368 - INFO - [texture_app] - GPU memory allocated before: 0.00 GB
2025-04-02 12:41:28,368 - INFO - [texture_app] - GPU memory reserved before: 0.00 GB
2025-04-02 12:41:28,369 - INFO - [texture_app] - Initializing TEXTure Trainer...
2025-04-02 12:41:46,555 - INFO - [texture_app] - TEXTure Trainer Initialized.
2025-04-02 12:41:46,555 - INFO - [texture_app] - Starting painting...
2025-04-02 12:44:59,905 - INFO - [texture_app] - Painting finished.
2025-04-02 12:44:59,906 - INFO - [texture_app] - GPU memory allocated after: 26.78 GB
2025-04-02 12:44:59,906 - INFO - [texture_app] - GPU memory reserved after: 34.97 GB
2025-04-02 12:44:59,906 - INFO - [texture_app] - Elapsed time: 211.54 seconds
2025-04-02 12:44:59,906 - INFO - [texture_app] - Script finished successfully.
2025-04-02 12:45:03,013 - INFO - [root] - Logging initialized via basicConfig to run_basic.log
2025-04-02 12:45:04,072 - INFO - [kaolin.render.mesh.nvdiffrast_context] - Cannot import nvdiffrast
2025-04-02 12:45:06,334 - INFO - [texture_app] - Current working directory: /home/mmai6k_01/TEXTurePaper
2025-04-02 12:45:06,334 - INFO - [texture_app] - Starting training/evaluation.
2025-04-02 12:45:06,334 - INFO - [texture_app] - Running config file (from argv): --config_path=configs/text_guided/cat_1.yaml
2025-04-02 12:45:06,335 - INFO - [texture_app] - GPU memory allocated before: 0.00 GB
2025-04-02 12:45:06,335 - INFO - [texture_app] - GPU memory reserved before: 0.00 GB
2025-04-02 12:45:06,335 - INFO - [texture_app] - Initializing TEXTure Trainer...
2025-04-02 12:46:38,662 - INFO - [texture_app] - TEXTure Trainer Initialized.
2025-04-02 12:46:38,662 - INFO - [texture_app] - Starting painting...
2025-04-02 12:50:13,031 - INFO - [texture_app] - Painting finished.
2025-04-02 12:50:13,032 - INFO - [texture_app] - GPU memory allocated after: 26.79 GB
2025-04-02 12:50:13,032 - INFO - [texture_app] - GPU memory reserved after: 34.98 GB
2025-04-02 12:50:13,032 - INFO - [texture_app] - Elapsed time: 306.70 seconds
2025-04-02 12:50:13,032 - INFO - [texture_app] - Script finished successfully.
2025-04-02 12:50:16,110 - INFO - [root] - Logging initialized via basicConfig to run_basic.log
2025-04-02 12:50:17,507 - INFO - [kaolin.render.mesh.nvdiffrast_context] - Cannot import nvdiffrast
2025-04-02 12:50:20,031 - INFO - [texture_app] - Current working directory: /home/mmai6k_01/TEXTurePaper
2025-04-02 12:50:20,031 - INFO - [texture_app] - Starting training/evaluation.
2025-04-02 12:50:20,031 - INFO - [texture_app] - Running config file (from argv): --config_path=configs/text_guided/cat_2.yaml
2025-04-02 12:50:20,032 - INFO - [texture_app] - GPU memory allocated before: 0.00 GB
2025-04-02 12:50:20,032 - INFO - [texture_app] - GPU memory reserved before: 0.00 GB
2025-04-02 12:50:20,032 - INFO - [texture_app] - Initializing TEXTure Trainer...
2025-04-02 12:50:40,098 - INFO - [texture_app] - TEXTure Trainer Initialized.
2025-04-02 12:50:40,098 - INFO - [texture_app] - Starting painting...
2025-04-02 12:54:12,833 - INFO - [texture_app] - Painting finished.
2025-04-02 12:54:12,834 - INFO - [texture_app] - GPU memory allocated after: 26.79 GB
2025-04-02 12:54:12,834 - INFO - [texture_app] - GPU memory reserved after: 34.98 GB
2025-04-02 12:54:12,834 - INFO - [texture_app] - Elapsed time: 232.80 seconds
2025-04-02 12:54:12,834 - INFO - [texture_app] - Script finished successfully.
2025-04-02 12:54:15,981 - INFO - [root] - Logging initialized via basicConfig to run_basic.log
2025-04-02 12:54:17,391 - INFO - [kaolin.render.mesh.nvdiffrast_context] - Cannot import nvdiffrast
2025-04-02 12:54:19,529 - INFO - [texture_app] - Current working directory: /home/mmai6k_01/TEXTurePaper
2025-04-02 12:54:19,530 - INFO - [texture_app] - Starting training/evaluation.
2025-04-02 12:54:19,530 - INFO - [texture_app] - Running config file (from argv): --config_path=configs/text_guided/cat_3.yaml
2025-04-02 12:54:19,530 - INFO - [texture_app] - GPU memory allocated before: 0.00 GB
2025-04-02 12:54:19,530 - INFO - [texture_app] - GPU memory reserved before: 0.00 GB
2025-04-02 12:54:19,530 - INFO - [texture_app] - Initializing TEXTure Trainer...
2025-04-02 12:54:39,567 - INFO - [texture_app] - TEXTure Trainer Initialized.
2025-04-02 12:54:39,567 - INFO - [texture_app] - Starting painting...
2025-04-02 12:58:13,289 - INFO - [texture_app] - Painting finished.
2025-04-02 12:58:13,289 - INFO - [texture_app] - GPU memory allocated after: 26.79 GB
2025-04-02 12:58:13,289 - INFO - [texture_app] - GPU memory reserved after: 34.98 GB
2025-04-02 12:58:13,290 - INFO - [texture_app] - Elapsed time: 233.76 seconds
2025-04-02 12:58:13,290 - INFO - [texture_app] - Script finished successfully.
2025-04-02 12:58:16,044 - INFO - [root] - Logging initialized via basicConfig to run_basic.log
2025-04-02 12:58:17,244 - INFO - [kaolin.render.mesh.nvdiffrast_context] - Cannot import nvdiffrast
2025-04-02 12:58:19,560 - INFO - [texture_app] - Current working directory: /home/mmai6k_01/TEXTurePaper
2025-04-02 12:58:19,560 - INFO - [texture_app] - Starting training/evaluation.
2025-04-02 12:58:19,560 - INFO - [texture_app] - Running config file (from argv): --config_path=configs/text_guided/cat_4.yaml
2025-04-02 12:58:19,561 - INFO - [texture_app] - GPU memory allocated before: 0.00 GB
2025-04-02 12:58:19,561 - INFO - [texture_app] - GPU memory reserved before: 0.00 GB
2025-04-02 12:58:19,561 - INFO - [texture_app] - Initializing TEXTure Trainer...
2025-04-02 12:58:38,101 - INFO - [texture_app] - TEXTure Trainer Initialized.
2025-04-02 12:58:38,101 - INFO - [texture_app] - Starting painting...
2025-04-02 13:02:10,899 - INFO - [texture_app] - Painting finished.
2025-04-02 13:02:10,900 - INFO - [texture_app] - GPU memory allocated after: 26.79 GB
2025-04-02 13:02:10,900 - INFO - [texture_app] - GPU memory reserved after: 34.98 GB
2025-04-02 13:02:10,900 - INFO - [texture_app] - Elapsed time: 231.34 seconds
2025-04-02 13:02:10,900 - INFO - [texture_app] - Script finished successfully.
2025-04-02 13:02:13,788 - INFO - [root] - Logging initialized via basicConfig to run_basic.log
2025-04-02 13:02:14,889 - INFO - [kaolin.render.mesh.nvdiffrast_context] - Cannot import nvdiffrast
2025-04-02 13:02:16,847 - INFO - [texture_app] - Current working directory: /home/mmai6k_01/TEXTurePaper
2025-04-02 13:02:16,847 - INFO - [texture_app] - Starting training/evaluation.
2025-04-02 13:02:16,847 - INFO - [texture_app] - Running config file (from argv): --config_path=configs/text_guided/cat_5.yaml
2025-04-02 13:02:16,847 - INFO - [texture_app] - GPU memory allocated before: 0.00 GB
2025-04-02 13:02:16,847 - INFO - [texture_app] - GPU memory reserved before: 0.00 GB
2025-04-02 13:02:16,847 - INFO - [texture_app] - Initializing TEXTure Trainer...
2025-04-02 13:02:37,114 - INFO - [texture_app] - TEXTure Trainer Initialized.
2025-04-02 13:02:37,114 - INFO - [texture_app] - Starting painting...
2025-04-02 13:06:10,895 - INFO - [texture_app] - Painting finished.
2025-04-02 13:06:10,896 - INFO - [texture_app] - GPU memory allocated after: 26.79 GB
2025-04-02 13:06:10,896 - INFO - [texture_app] - GPU memory reserved after: 34.98 GB
2025-04-02 13:06:10,896 - INFO - [texture_app] - Elapsed time: 234.05 seconds
2025-04-02 13:06:10,896 - INFO - [texture_app] - Script finished successfully.
2025-04-02 13:06:14,039 - INFO - [root] - Logging initialized via basicConfig to run_basic.log
2025-04-02 13:06:15,383 - INFO - [kaolin.render.mesh.nvdiffrast_context] - Cannot import nvdiffrast
2025-04-02 13:06:17,637 - INFO - [texture_app] - Current working directory: /home/mmai6k_01/TEXTurePaper
2025-04-02 13:06:17,637 - INFO - [texture_app] - Starting training/evaluation.
2025-04-02 13:06:17,637 - INFO - [texture_app] - Running config file (from argv): --config_path=configs/text_guided/cow_1.yaml
2025-04-02 13:06:17,638 - INFO - [texture_app] - GPU memory allocated before: 0.00 GB
2025-04-02 13:06:17,638 - INFO - [texture_app] - GPU memory reserved before: 0.00 GB
2025-04-02 13:06:17,638 - INFO - [texture_app] - Initializing TEXTure Trainer...
2025-04-02 13:06:33,843 - INFO - [texture_app] - TEXTure Trainer Initialized.
2025-04-02 13:06:33,843 - INFO - [texture_app] - Starting painting...
2025-04-02 13:09:38,731 - INFO - [texture_app] - Painting finished.
2025-04-02 13:09:38,732 - INFO - [texture_app] - GPU memory allocated after: 26.77 GB
2025-04-02 13:09:38,732 - INFO - [texture_app] - GPU memory reserved after: 34.97 GB
2025-04-02 13:09:38,732 - INFO - [texture_app] - Elapsed time: 201.09 seconds
2025-04-02 13:09:38,732 - INFO - [texture_app] - Script finished successfully.
2025-04-02 13:09:42,062 - INFO - [root] - Logging initialized via basicConfig to run_basic.log
2025-04-02 13:09:43,485 - INFO - [kaolin.render.mesh.nvdiffrast_context] - Cannot import nvdiffrast
2025-04-02 13:09:45,908 - INFO - [texture_app] - Current working directory: /home/mmai6k_01/TEXTurePaper
2025-04-02 13:09:45,908 - INFO - [texture_app] - Starting training/evaluation.
2025-04-02 13:09:45,908 - INFO - [texture_app] - Running config file (from argv): --config_path=configs/text_guided/cow_2.yaml
2025-04-02 13:09:45,909 - INFO - [texture_app] - GPU memory allocated before: 0.00 GB
2025-04-02 13:09:45,909 - INFO - [texture_app] - GPU memory reserved before: 0.00 GB
2025-04-02 13:09:45,909 - INFO - [texture_app] - Initializing TEXTure Trainer...
2025-04-02 13:10:03,525 - INFO - [texture_app] - TEXTure Trainer Initialized.
2025-04-02 13:10:03,525 - INFO - [texture_app] - Starting painting...
2025-04-02 13:13:08,922 - INFO - [texture_app] - Painting finished.
2025-04-02 13:13:08,923 - INFO - [texture_app] - GPU memory allocated after: 26.77 GB
2025-04-02 13:13:08,923 - INFO - [texture_app] - GPU memory reserved after: 34.96 GB
2025-04-02 13:13:08,923 - INFO - [texture_app] - Elapsed time: 203.01 seconds
2025-04-02 13:13:08,923 - INFO - [texture_app] - Script finished successfully.
2025-04-02 13:13:11,929 - INFO - [root] - Logging initialized via basicConfig to run_basic.log
2025-04-02 13:13:13,323 - INFO - [kaolin.render.mesh.nvdiffrast_context] - Cannot import nvdiffrast
2025-04-02 13:13:15,679 - INFO - [texture_app] - Current working directory: /home/mmai6k_01/TEXTurePaper
2025-04-02 13:13:15,679 - INFO - [texture_app] - Starting training/evaluation.
2025-04-02 13:13:15,679 - INFO - [texture_app] - Running config file (from argv): --config_path=configs/text_guided/cow_3.yaml
2025-04-02 13:13:15,679 - INFO - [texture_app] - GPU memory allocated before: 0.00 GB
2025-04-02 13:13:15,679 - INFO - [texture_app] - GPU memory reserved before: 0.00 GB
2025-04-02 13:13:15,679 - INFO - [texture_app] - Initializing TEXTure Trainer...
2025-04-02 13:13:32,063 - INFO - [texture_app] - TEXTure Trainer Initialized.
2025-04-02 13:13:32,063 - INFO - [texture_app] - Starting painting...
2025-04-02 13:16:37,515 - INFO - [texture_app] - Painting finished.
2025-04-02 13:16:37,515 - INFO - [texture_app] - GPU memory allocated after: 26.77 GB
2025-04-02 13:16:37,516 - INFO - [texture_app] - GPU memory reserved after: 34.96 GB
2025-04-02 13:16:37,516 - INFO - [texture_app] - Elapsed time: 201.84 seconds
2025-04-02 13:16:37,516 - INFO - [texture_app] - Script finished successfully.
2025-04-02 13:16:40,851 - INFO - [root] - Logging initialized via basicConfig to run_basic.log
2025-04-02 13:16:42,287 - INFO - [kaolin.render.mesh.nvdiffrast_context] - Cannot import nvdiffrast
2025-04-02 13:16:44,833 - INFO - [texture_app] - Current working directory: /home/mmai6k_01/TEXTurePaper
2025-04-02 13:16:44,833 - INFO - [texture_app] - Starting training/evaluation.
2025-04-02 13:16:44,833 - INFO - [texture_app] - Running config file (from argv): --config_path=configs/text_guided/cow_4.yaml
2025-04-02 13:16:44,834 - INFO - [texture_app] - GPU memory allocated before: 0.00 GB
2025-04-02 13:16:44,834 - INFO - [texture_app] - GPU memory reserved before: 0.00 GB
2025-04-02 13:16:44,834 - INFO - [texture_app] - Initializing TEXTure Trainer...
2025-04-02 13:17:02,018 - INFO - [texture_app] - TEXTure Trainer Initialized.
2025-04-02 13:17:02,018 - INFO - [texture_app] - Starting painting...
2025-04-02 13:20:07,386 - INFO - [texture_app] - Painting finished.
2025-04-02 13:20:07,387 - INFO - [texture_app] - GPU memory allocated after: 26.77 GB
2025-04-02 13:20:07,387 - INFO - [texture_app] - GPU memory reserved after: 34.96 GB
2025-04-02 13:20:07,387 - INFO - [texture_app] - Elapsed time: 202.55 seconds
2025-04-02 13:20:07,387 - INFO - [texture_app] - Script finished successfully.
2025-04-02 13:20:10,476 - INFO - [root] - Logging initialized via basicConfig to run_basic.log
2025-04-02 13:20:11,593 - INFO - [kaolin.render.mesh.nvdiffrast_context] - Cannot import nvdiffrast
2025-04-02 13:20:13,568 - INFO - [texture_app] - Current working directory: /home/mmai6k_01/TEXTurePaper
2025-04-02 13:20:13,568 - INFO - [texture_app] - Starting training/evaluation.
2025-04-02 13:20:13,568 - INFO - [texture_app] - Running config file (from argv): --config_path=configs/text_guided/cow_5.yaml
2025-04-02 13:20:13,569 - INFO - [texture_app] - GPU memory allocated before: 0.00 GB
2025-04-02 13:20:13,569 - INFO - [texture_app] - GPU memory reserved before: 0.00 GB
2025-04-02 13:20:13,569 - INFO - [texture_app] - Initializing TEXTure Trainer...
2025-04-02 13:20:30,483 - INFO - [texture_app] - TEXTure Trainer Initialized.
2025-04-02 13:20:30,483 - INFO - [texture_app] - Starting painting...
2025-04-02 13:23:39,116 - INFO - [texture_app] - Painting finished.
2025-04-02 13:23:39,117 - INFO - [texture_app] - GPU memory allocated after: 26.77 GB
2025-04-02 13:23:39,117 - INFO - [texture_app] - GPU memory reserved after: 34.97 GB
2025-04-02 13:23:39,117 - INFO - [texture_app] - Elapsed time: 205.55 seconds
2025-04-02 13:23:39,117 - INFO - [texture_app] - Script finished successfully.
2025-04-02 13:23:42,505 - INFO - [root] - Logging initialized via basicConfig to run_basic.log
2025-04-02 13:23:43,915 - INFO - [kaolin.render.mesh.nvdiffrast_context] - Cannot import nvdiffrast
2025-04-02 13:23:45,914 - INFO - [texture_app] - Current working directory: /home/mmai6k_01/TEXTurePaper
2025-04-02 13:23:45,914 - INFO - [texture_app] - Starting training/evaluation.
2025-04-02 13:23:45,914 - INFO - [texture_app] - Running config file (from argv): --config_path=configs/text_guided/doughnut_1.yaml
2025-04-02 13:23:45,915 - INFO - [texture_app] - GPU memory allocated before: 0.00 GB
2025-04-02 13:23:45,915 - INFO - [texture_app] - GPU memory reserved before: 0.00 GB
2025-04-02 13:23:45,915 - INFO - [texture_app] - Initializing TEXTure Trainer...
2025-04-02 13:25:37,294 - INFO - [texture_app] - TEXTure Trainer Initialized.
2025-04-02 13:25:37,294 - INFO - [texture_app] - Starting painting...
2025-04-02 13:29:10,214 - INFO - [texture_app] - Painting finished.
2025-04-02 13:29:10,215 - INFO - [texture_app] - GPU memory allocated after: 26.79 GB
2025-04-02 13:29:10,215 - INFO - [texture_app] - GPU memory reserved after: 34.98 GB
2025-04-02 13:29:10,215 - INFO - [texture_app] - Elapsed time: 324.30 seconds
2025-04-02 13:29:10,215 - INFO - [texture_app] - Script finished successfully.
2025-04-02 13:29:13,148 - INFO - [root] - Logging initialized via basicConfig to run_basic.log
2025-04-02 13:29:14,204 - INFO - [kaolin.render.mesh.nvdiffrast_context] - Cannot import nvdiffrast
2025-04-02 13:29:16,448 - INFO - [texture_app] - Current working directory: /home/mmai6k_01/TEXTurePaper
2025-04-02 13:29:16,448 - INFO - [texture_app] - Starting training/evaluation.
2025-04-02 13:29:16,448 - INFO - [texture_app] - Running config file (from argv): --config_path=configs/text_guided/doughnut_2.yaml
2025-04-02 13:29:16,449 - INFO - [texture_app] - GPU memory allocated before: 0.00 GB
2025-04-02 13:29:16,449 - INFO - [texture_app] - GPU memory reserved before: 0.00 GB
2025-04-02 13:29:16,449 - INFO - [texture_app] - Initializing TEXTure Trainer...
2025-04-02 13:29:34,262 - INFO - [texture_app] - TEXTure Trainer Initialized.
2025-04-02 13:29:34,262 - INFO - [texture_app] - Starting painting...
2025-04-02 13:33:05,993 - INFO - [texture_app] - Painting finished.
2025-04-02 13:33:05,993 - INFO - [texture_app] - GPU memory allocated after: 26.79 GB
2025-04-02 13:33:05,994 - INFO - [texture_app] - GPU memory reserved after: 34.98 GB
2025-04-02 13:33:05,994 - INFO - [texture_app] - Elapsed time: 229.55 seconds
2025-04-02 13:33:05,994 - INFO - [texture_app] - Script finished successfully.
2025-04-02 13:33:09,262 - INFO - [root] - Logging initialized via basicConfig to run_basic.log
2025-04-02 13:33:10,480 - INFO - [kaolin.render.mesh.nvdiffrast_context] - Cannot import nvdiffrast
2025-04-02 13:33:12,362 - INFO - [texture_app] - Current working directory: /home/mmai6k_01/TEXTurePaper
2025-04-02 13:33:12,362 - INFO - [texture_app] - Starting training/evaluation.
2025-04-02 13:33:12,362 - INFO - [texture_app] - Running config file (from argv): --config_path=configs/text_guided/doughnut_3.yaml
2025-04-02 13:33:12,363 - INFO - [texture_app] - GPU memory allocated before: 0.00 GB
2025-04-02 13:33:12,363 - INFO - [texture_app] - GPU memory reserved before: 0.00 GB
2025-04-02 13:33:12,363 - INFO - [texture_app] - Initializing TEXTure Trainer...
2025-04-02 13:33:30,696 - INFO - [texture_app] - TEXTure Trainer Initialized.
2025-04-02 13:33:30,696 - INFO - [texture_app] - Starting painting...
2025-04-02 13:37:02,066 - INFO - [texture_app] - Painting finished.
2025-04-02 13:37:02,066 - INFO - [texture_app] - GPU memory allocated after: 26.79 GB
2025-04-02 13:37:02,067 - INFO - [texture_app] - GPU memory reserved after: 34.98 GB
2025-04-02 13:37:02,067 - INFO - [texture_app] - Elapsed time: 229.70 seconds
2025-04-02 13:37:02,067 - INFO - [texture_app] - Script finished successfully.
2025-04-02 13:37:04,935 - INFO - [root] - Logging initialized via basicConfig to run_basic.log
2025-04-02 13:37:05,959 - INFO - [kaolin.render.mesh.nvdiffrast_context] - Cannot import nvdiffrast
2025-04-02 13:37:08,178 - INFO - [texture_app] - Current working directory: /home/mmai6k_01/TEXTurePaper
2025-04-02 13:37:08,178 - INFO - [texture_app] - Starting training/evaluation.
2025-04-02 13:37:08,178 - INFO - [texture_app] - Running config file (from argv): --config_path=configs/text_guided/doughnut_4.yaml
2025-04-02 13:37:08,179 - INFO - [texture_app] - GPU memory allocated before: 0.00 GB
2025-04-02 13:37:08,179 - INFO - [texture_app] - GPU memory reserved before: 0.00 GB
2025-04-02 13:37:08,179 - INFO - [texture_app] - Initializing TEXTure Trainer...
2025-04-02 13:37:26,315 - INFO - [texture_app] - TEXTure Trainer Initialized.
2025-04-02 13:37:26,315 - INFO - [texture_app] - Starting painting...
2025-04-02 13:40:58,784 - INFO - [texture_app] - Painting finished.
2025-04-02 13:40:58,785 - INFO - [texture_app] - GPU memory allocated after: 26.79 GB
2025-04-02 13:40:58,785 - INFO - [texture_app] - GPU memory reserved after: 34.98 GB
2025-04-02 13:40:58,785 - INFO - [texture_app] - Elapsed time: 230.61 seconds
2025-04-02 13:40:58,785 - INFO - [texture_app] - Script finished successfully.
2025-04-02 13:41:02,164 - INFO - [root] - Logging initialized via basicConfig to run_basic.log
2025-04-02 13:41:03,572 - INFO - [kaolin.render.mesh.nvdiffrast_context] - Cannot import nvdiffrast
2025-04-02 13:41:05,876 - INFO - [texture_app] - Current working directory: /home/mmai6k_01/TEXTurePaper
2025-04-02 13:41:05,876 - INFO - [texture_app] - Starting training/evaluation.
2025-04-02 13:41:05,876 - INFO - [texture_app] - Running config file (from argv): --config_path=configs/text_guided/doughnut_5.yaml
2025-04-02 13:41:05,877 - INFO - [texture_app] - GPU memory allocated before: 0.00 GB
2025-04-02 13:41:05,877 - INFO - [texture_app] - GPU memory reserved before: 0.00 GB
2025-04-02 13:41:05,877 - INFO - [texture_app] - Initializing TEXTure Trainer...
2025-04-02 13:41:24,681 - INFO - [texture_app] - TEXTure Trainer Initialized.
2025-04-02 13:41:24,681 - INFO - [texture_app] - Starting painting...
2025-04-02 13:44:57,736 - INFO - [texture_app] - Painting finished.
2025-04-02 13:44:57,737 - INFO - [texture_app] - GPU memory allocated after: 26.79 GB
2025-04-02 13:44:57,737 - INFO - [texture_app] - GPU memory reserved after: 34.98 GB
2025-04-02 13:44:57,737 - INFO - [texture_app] - Elapsed time: 231.86 seconds
2025-04-02 13:44:57,737 - INFO - [texture_app] - Script finished successfully.
2025-04-02 13:45:00,678 - INFO - [root] - Logging initialized via basicConfig to run_basic.log
2025-04-02 13:45:01,734 - INFO - [kaolin.render.mesh.nvdiffrast_context] - Cannot import nvdiffrast
2025-04-02 13:45:03,668 - INFO - [texture_app] - Current working directory: /home/mmai6k_01/TEXTurePaper
2025-04-02 13:45:03,668 - INFO - [texture_app] - Starting training/evaluation.
2025-04-02 13:45:03,668 - INFO - [texture_app] - Running config file (from argv): --config_path=configs/text_guided/fish_1.yaml
2025-04-02 13:45:03,668 - INFO - [texture_app] - GPU memory allocated before: 0.00 GB
2025-04-02 13:45:03,668 - INFO - [texture_app] - GPU memory reserved before: 0.00 GB
2025-04-02 13:45:03,668 - INFO - [texture_app] - Initializing TEXTure Trainer...
2025-04-02 13:45:26,003 - INFO - [texture_app] - TEXTure Trainer Initialized.
2025-04-02 13:45:26,003 - INFO - [texture_app] - Starting painting...
2025-04-02 13:48:33,501 - INFO - [texture_app] - Painting finished.
2025-04-02 13:48:33,502 - INFO - [texture_app] - GPU memory allocated after: 26.78 GB
2025-04-02 13:48:33,502 - INFO - [texture_app] - GPU memory reserved after: 34.94 GB
2025-04-02 13:48:33,502 - INFO - [texture_app] - Elapsed time: 209.83 seconds
2025-04-02 13:48:33,502 - INFO - [texture_app] - Script finished successfully.
2025-04-02 13:48:36,567 - INFO - [root] - Logging initialized via basicConfig to run_basic.log
2025-04-02 13:48:37,631 - INFO - [kaolin.render.mesh.nvdiffrast_context] - Cannot import nvdiffrast
2025-04-02 13:48:39,575 - INFO - [texture_app] - Current working directory: /home/mmai6k_01/TEXTurePaper
2025-04-02 13:48:39,575 - INFO - [texture_app] - Starting training/evaluation.
2025-04-02 13:48:39,575 - INFO - [texture_app] - Running config file (from argv): --config_path=configs/text_guided/fish_2.yaml
2025-04-02 13:48:39,576 - INFO - [texture_app] - GPU memory allocated before: 0.00 GB
2025-04-02 13:48:39,576 - INFO - [texture_app] - GPU memory reserved before: 0.00 GB
2025-04-02 13:48:39,576 - INFO - [texture_app] - Initializing TEXTure Trainer...
2025-04-02 13:48:56,182 - INFO - [texture_app] - TEXTure Trainer Initialized.
2025-04-02 13:48:56,182 - INFO - [texture_app] - Starting painting...
2025-04-02 13:52:03,553 - INFO - [texture_app] - Painting finished.
2025-04-02 13:52:03,554 - INFO - [texture_app] - GPU memory allocated after: 26.78 GB
2025-04-02 13:52:03,554 - INFO - [texture_app] - GPU memory reserved after: 34.94 GB
2025-04-02 13:52:03,554 - INFO - [texture_app] - Elapsed time: 203.98 seconds
2025-04-02 13:52:03,554 - INFO - [texture_app] - Script finished successfully.
2025-04-02 13:52:06,882 - INFO - [root] - Logging initialized via basicConfig to run_basic.log
2025-04-02 13:52:08,287 - INFO - [kaolin.render.mesh.nvdiffrast_context] - Cannot import nvdiffrast
2025-04-02 13:52:10,414 - INFO - [texture_app] - Current working directory: /home/mmai6k_01/TEXTurePaper
2025-04-02 13:52:10,414 - INFO - [texture_app] - Starting training/evaluation.
2025-04-02 13:52:10,414 - INFO - [texture_app] - Running config file (from argv): --config_path=configs/text_guided/fish_3.yaml
2025-04-02 13:52:10,415 - INFO - [texture_app] - GPU memory allocated before: 0.00 GB
2025-04-02 13:52:10,415 - INFO - [texture_app] - GPU memory reserved before: 0.00 GB
2025-04-02 13:52:10,415 - INFO - [texture_app] - Initializing TEXTure Trainer...
2025-04-02 13:52:26,617 - INFO - [texture_app] - TEXTure Trainer Initialized.
2025-04-02 13:52:26,617 - INFO - [texture_app] - Starting painting...
2025-04-03 17:24:27,569 - INFO - [root] - Logging initialized via basicConfig to run_basic.log
2025-04-03 17:24:29,667 - INFO - [kaolin.render.mesh.nvdiffrast_context] - Cannot import nvdiffrast
2025-04-03 17:24:32,620 - INFO - [texture_app] - Current working directory: /home/mmai6k_01/TEXTurePaper
2025-04-03 17:24:32,620 - INFO - [texture_app] - Starting training/evaluation.
2025-04-03 17:24:32,620 - INFO - [texture_app] - Running config file (from argv): --config_path=configs/text_guided/rabbit_2.yaml
2025-04-03 17:24:32,621 - INFO - [texture_app] - GPU memory allocated before: 0.00 GB
2025-04-03 17:24:32,621 - INFO - [texture_app] - GPU memory reserved before: 0.00 GB
2025-04-03 17:24:32,621 - INFO - [texture_app] - Initializing TEXTure Trainer...
2025-04-03 17:24:55,880 - INFO - [texture_app] - TEXTure Trainer Initialized.
2025-04-03 17:24:55,881 - INFO - [texture_app] - Starting painting...
